// Jest Snapshot v1, https://goo.gl/fbAQLP

exports[`App rendering 1`] = `
<main
  className="container"
>
  <div
    className="AddressBook shadow rounded"
  >
    <div
      className="row"
    >
      <div
        className="col"
      >
        <form
          className="AdressBook-search-form"
          name="AdressBook-search-form"
        >
          <div
            className="AdressBook-search-form-bar"
          >
            <i
              className="AdressBook-search-form-icon fa fa-search"
            />
            <input
              aria-describedby="emailHelp"
              className="AdressBook-search-form-input"
              id="search-term"
              onChange={[Function]}
              placeholder="SEARCH (Client Name / Policy Number)"
              type="text"
            />
          </div>
        </form>
      </div>
    </div>
  </div>
</main>
`;
